Patricia@DESKTOP-2LAEJ0Q MINGW64 ~
$ cd ~/Github

Patricia@DESKTOP-2LAEJ0Q MINGW64 ~/Github
$ git config --global user.name "MAO Peixin"

Patricia@DESKTOP-2LAEJ0Q MINGW64 ~/Github
$ git config --global user.email "peixin.mao@ensae.fr"

Patricia@DESKTOP-2LAEJ0Q MINGW64 ~/Github
$ git init
Initialized empty Git repository in C:/Users/Patricia/Github/.git/

Patricia@DESKTOP-2LAEJ0Q MINGW64 ~/Github (master)
$ ls -a
./  ../  .git/

Patricia@DESKTOP-2LAEJ0Q MINGW64 ~/Github (master)
$ touch 1.ipynb

Patricia@DESKTOP-2LAEJ0Q MINGW64 ~/Github (master)
$ touch 1.py

Patricia@DESKTOP-2LAEJ0Q MINGW64 ~/Github (master)
$ git status
On branch master

No commits yet

Untracked files:
  (use "git add <file>..." to include in what will be committed)
        1.ipynb
        1.py

nothing added to commit but untracked files present (use "git add" to
track)

Patricia@DESKTOP-2LAEJ0Q MINGW64 ~/Github (master)
$ git add 1.py

Patricia@DESKTOP-2LAEJ0Q MINGW64 ~/Github (master)
$ git status
On branch master

No commits yet

Changes to be committed:
  (use "git rm --cached <file>..." to unstage)
        new file:   1.py

Untracked files:
  (use "git add <file>..." to include in what will be committed)
        1.ipynb


Patricia@DESKTOP-2LAEJ0Q MINGW64 ~/Github (master)
$ git add .

Patricia@DESKTOP-2LAEJ0Q MINGW64 ~/Github (master)
$ git status
On branch master

No commits yet

Changes to be committed:
  (use "git rm --cached <file>..." to unstage)
        new file:   1.ipynb
        new file:   1.py

